// Jest Snapshot v1, https://goo.gl/fbAQLP

exports[`Animal Should render. 1`] = `
<_default
  alt="Arg arg!"
  description="I love dat"
  image="dat image"
  onSelectAnimal={[Function]}
>
  <div
    className="animal-container"
  >
    <img
      alt="Arg arg!"
      className="animal"
      onClick={[Function]}
      src="dat image"
    />
    <span
      className="description"
    >
      I love dat
    </span>
  </div>
</_default>
`;
